Firmware dependencies are present and match the pinned revisions.
#0 building with "default" instance using docker driver

#1 [internal] load build definition from microros-builder.Dockerfile
#1 transferring dockerfile: 1.69kB done
#1 DONE 0.0s

#2 [internal] load metadata for docker.io/microros/micro_ros_static_library_builder:humble@sha256:e291f74890e81b31eb1d70731cb79b2d767dd585269325031effc72952b24b9d
#2 DONE 0.0s

#3 [internal] load .dockerignore
#3 transferring context: 2B done
#3 DONE 0.0s

#4 [1/3] FROM docker.io/microros/micro_ros_static_library_builder:humble@sha256:e291f74890e81b31eb1d70731cb79b2d767dd585269325031effc72952b24b9d
#4 resolve docker.io/microros/micro_ros_static_library_builder:humble@sha256:e291f74890e81b31eb1d70731cb79b2d767dd585269325031effc72952b24b9d 0.0s done
#4 DONE 0.0s

#5 [2/3] RUN apt-get update     && apt-get install -y --no-install-recommends        ca-certificates        curl        xz-utils     && rm -rf /var/lib/apt/lists/*
#5 CACHED

#6 [3/3] RUN case "amd64" in       amd64)         toolchain_host=x86_64;         toolchain_sha256=6cd1bbc1d9ae57312bcd169ae283153a9572bd6a8e4eeae2fedfbc33b115fdbb         ;;       arm64)         toolchain_host=aarch64;         toolchain_sha256=8fd8b4a0a8d44ab2e195ccfbeef42223dfb3ede29d80f14dcf2183c34b8d199a         ;;       *) echo "Unsupported build architecture: amd64" >&2; exit 1 ;;     esac     && toolchain_archive="arm-gnu-toolchain-13.2.rel1-${toolchain_host}-arm-none-eabi.tar.xz"     && curl -fL --retry 5 --retry-all-errors --retry-delay 2        --continue-at - --connect-timeout 30 --max-time 1800        "https://armkeil.blob.core.windows.net/developer/Files/downloads/gnu/13.2.rel1/binrel/${toolchain_archive}"        -o "/tmp/${toolchain_archive}"     && echo "${toolchain_sha256}  /tmp/${toolchain_archive}"        | sha256sum --check --strict -     && mkdir -p /opt/arm-gnu-toolchain     && tar -xJf "/tmp/${toolchain_archive}"        -C /opt/arm-gnu-toolchain --strip-components=1     && rm -f "/tmp/${toolchain_archive}"     && test "$(/opt/arm-gnu-toolchain/bin/arm-none-eabi-gcc -dumpfullversion)" = "13.2.1"     && test "$(/opt/arm-gnu-toolchain/bin/arm-none-eabi-g++ -dumpfullversion)" = "13.2.1"
#6 CACHED

#7 exporting to image
#7 exporting layers done
#7 exporting manifest sha256:6c0789f22e47287942902b1620c8d261de0a9c1665f98660653d83c19585fca6 done
#7 exporting config sha256:387f53cf6a8f3f0ab99da314e65480b606dec67e0dbc0f51ed4ad28eeff65071 done
#7 exporting attestation manifest sha256:bf321d22f77c244304fd778d96057bbe1b5d9459b24dbf6e5a2503ae96e3c257 0.0s done
#7 exporting manifest list sha256:b1d2b91fd3c405496f00f76ac0b29d165984a24b3d8c8e099d5f2e896dcf1e43 0.0s done
#7 naming to docker.io/mentor-pi/micro-ros-static-library-builder:humble-gcc-13.2.1 done
#7 unpacking to docker.io/mentor-pi/micro-ros-static-library-builder:humble-gcc-13.2.1 0.0s done
#7 DONE 0.1s
dos2unix: converting file /project/build/microros/micro_ros_stm32cubemx_utils/microros_static_library_ide/library_generation/library_generation.sh to Unix format...
Cross-compiler flags: -ffunction-sections -fdata-sections -DSTM32CUBEIDE -DENOTSUP=1 -DECANCELED=1 -DEOWNERDEAD=1 -DENOTRECOVERABLE=1 -mcpu=cortex-m4 -mfloat-abi=hard -mthumb -mfpu=fpv4-sp-d16 -Os -DUSE_HAL_DRIVER -DCLOCK_MONOTONIC=0 -DSTM32F407xx --specs=nano.specs
arm-none-eabi-gcc (Arm GNU Toolchain 13.2.rel1 (Build arm-13.7)) 13.2.1 20231009
Copyright (C) 2023 Free Software Foundation, Inc.
This is free software; see the source for copying conditions.  There is NO
warranty; not even for MERCHANTABILITY or FITNESS FOR A PARTICULAR PURPOSE.

arm-none-eabi-g++ (Arm GNU Toolchain 13.2.rel1 (Build arm-13.7)) 13.2.1 20231009
Copyright (C) 2023 Free Software Foundation, Inc.
This is free software; see the source for copying conditions.  There is NO
warranty; not even for MERCHANTABILITY or FITNESS FOR A PARTICULAR PURPOSE.

Creating firmware for generate_lib platform generic
.......
=== ./ament/ament_cmake (git) ===
Cloning into '.'...
=== ./ament/ament_index (git) ===
Cloning into '.'...
=== ./ament/ament_lint (git) ===
Cloning into '.'...
=== ./ament/ament_package (git) ===
Cloning into '.'...
=== ./ament/googletest (git) ===
Cloning into '.'...
=== ./ament/uncrustify_vendor (git) ===
Cloning into '.'...
=== ./ros2/ament_cmake_ros (git) ===
Cloning into '.'...
List of repositories is empty
#All required rosdeps installed successfully
..............
=== ./ros2/common_interfaces (git) ===
Cloning into '.'...
=== ./ros2/example_interfaces (git) ===
Cloning into '.'...
=== ./ros2/libyaml_vendor (git) ===
Cloning into '.'...
=== ./ros2/rcl (git) ===
Cloning into '.'...
=== ./ros2/rcl_interfaces (git) ===
Cloning into '.'...
=== ./ros2/rcl_logging (git) ===
Cloning into '.'...
=== ./ros2/rcpputils (git) ===
Cloning into '.'...
=== ./ros2/rmw (git) ===
Cloning into '.'...
=== ./ros2/rmw_implementation (git) ===
Cloning into '.'...
=== ./ros2/rosidl (git) ===
Cloning into '.'...
=== ./ros2/rosidl_dds (git) ===
Cloning into '.'...
=== ./ros2/rosidl_defaults (git) ===
Cloning into '.'...
=== ./ros2/test_interface_files (git) ===
Cloning into '.'...
=== ./ros2/unique_identifier_msgs (git) ===
Cloning into '.'...
...........
=== ./eProsima/Micro-CDR (git) ===
Cloning into '.'...
=== ./eProsima/Micro-XRCE-DDS-Client (git) ===
Cloning into '.'...
=== ./uros/micro_ros_msgs (git) ===
Cloning into '.'...
=== ./uros/micro_ros_utilities (git) ===
Cloning into '.'...
=== ./uros/rcl (git) ===
Cloning into '.'...
=== ./uros/rclc (git) ===
Cloning into '.'...
=== ./uros/rcutils (git) ===
Cloning into '.'...
=== ./uros/rmw_microxrcedds (git) ===
Cloning into '.'...
=== ./uros/rosidl_typesupport (git) ===
Cloning into '.'...
=== ./uros/rosidl_typesupport_microxrcedds (git) ===
Cloning into '.'...
=== ./uros/tracetools (git) ===
Cloning into '.'...
Crosscompiled environment: cleaning path
Starting >>> ament_package
Starting >>> ament_lint
Starting >>> gtest_vendor
Starting >>> ament_pycodestyle
Starting >>> ament_cppcheck
Finished <<< gtest_vendor [0.36s]
Starting >>> gmock_vendor
Finished <<< gmock_vendor [0.05s]
Finished <<< ament_lint [0.55s]
Starting >>> ament_flake8
Finished <<< ament_pycodestyle [0.55s]
Finished <<< ament_cppcheck [0.55s]
Starting >>> ament_pyflakes
Finished <<< ament_package [0.56s]
Starting >>> ament_cmake_core
Finished <<< ament_cmake_core [0.30s]
Starting >>> ament_cmake_python
Starting >>> ament_cmake_libraries
Starting >>> ament_cmake_export_libraries
Starting >>> ament_cmake_include_directories
Starting >>> ament_cmake_export_definitions
Starting >>> ament_cmake_export_include_directories
Starting >>> ament_cmake_export_link_flags
Starting >>> ament_cmake_version
Finished <<< ament_pyflakes [0.39s]
Finished <<< ament_flake8 [0.41s]
Starting >>> ament_pep257
Starting >>> ament_mypy
Finished <<< ament_cmake_export_libraries [0.23s]
Starting >>> ament_cmake_export_interfaces
Starting >>> ament_cmake_export_targets
Finished <<< ament_cmake_include_directories [0.24s]
Finished <<< ament_cmake_libraries [0.25s]
Finished <<< ament_cmake_python [0.25s]
Finished <<< ament_cmake_export_definitions [0.25s]
Finished <<< ament_cmake_export_include_directories [0.25s]
Finished <<< ament_cmake_export_link_flags [0.26s]
Finished <<< ament_cmake_version [0.26s]
Starting >>> ament_cmake_test
Starting >>> ament_cmake_export_dependencies
Starting >>> ament_cmake_target_dependencies
Finished <<< ament_mypy [0.42s]
Finished <<< ament_pep257 [0.43s]
Starting >>> ament_copyright
Finished <<< ament_cmake_export_interfaces [0.31s]
Finished <<< ament_cmake_export_dependencies [0.29s]
Finished <<< ament_cmake_export_targets [0.32s]
Finished <<< ament_cmake_target_dependencies [0.30s]
Finished <<< ament_cmake_test [0.42s]
Starting >>> ament_cmake_gtest
Starting >>> ament_lint_auto
Starting >>> ament_cmake_pytest
Starting >>> ament_cmake_google_benchmark
Starting >>> ament_cmake_nose
Starting >>> ament_cmake_vendor_package
Finished <<< ament_copyright [0.32s]
Starting >>> ament_lint_cmake
Starting >>> ament_cpplint
Starting >>> ament_xmllint
Starting >>> ament_clang_format
Starting >>> ament_clang_tidy
Starting >>> ament_pclint
Starting >>> domain_coordinator
Starting >>> ament_index_python
Finished <<< ament_cmake_gtest [0.78s]
Finished <<< ament_cmake_pytest [0.79s]
Finished <<< ament_lint_auto [0.79s]
Starting >>> ament_cmake_gen_version_h
Starting >>> ament_cmake_gmock
Finished <<< ament_cmake_nose [0.80s]
Finished <<< ament_cmake_google_benchmark [0.81s]
Finished <<< domain_coordinator [0.93s]
Finished <<< ament_index_python [0.94s]
Finished <<< ament_lint_cmake [0.95s]
Finished <<< ament_xmllint [0.95s]
Finished <<< ament_clang_tidy [0.95s]
Finished <<< ament_pclint [0.96s]
Finished <<< ament_cmake_gmock [0.25s]
Starting >>> ament_cmake_lint_cmake
Finished <<< ament_clang_format [0.97s]
Finished <<< ament_cpplint [0.98s]
Finished <<< ament_cmake_lint_cmake [0.21s]
Starting >>> ament_cmake_copyright
Finished <<< ament_cmake_vendor_package [1.38s]
Finished <<< ament_cmake_copyright [0.22s]
Starting >>> ament_cmake_cppcheck
Starting >>> ament_cmake_cpplint
Starting >>> ament_cmake_flake8
Starting >>> ament_cmake_pep257
Starting >>> ament_cmake_xmllint
Starting >>> ament_cmake_clang_format
Starting >>> ament_cmake_clang_tidy
Starting >>> ament_cmake_mypy
Starting >>> ament_cmake_pclint
Starting >>> ament_cmake_pycodestyle
Starting >>> ament_cmake_pyflakes
Finished <<< ament_cmake_flake8 [0.23s]
Finished <<< ament_cmake_cpplint [0.24s]
Finished <<< ament_cmake_xmllint [0.25s]
Finished <<< ament_cmake_pep257 [0.25s]
Finished <<< ament_cmake_clang_format [0.25s]
Finished <<< ament_cmake_cppcheck [0.26s]
Finished <<< ament_cmake_mypy [0.26s]
Finished <<< ament_cmake_pycodestyle [0.26s]
Finished <<< ament_cmake_pyflakes [0.26s]
Finished <<< ament_cmake_clang_tidy [0.28s]
Finished <<< ament_cmake_pclint [0.28s]
Finished <<< ament_cmake_gen_version_h [2.26s]
Starting >>> ament_cmake
Finished <<< ament_cmake [0.22s]
Starting >>> uncrustify_vendor
Starting >>> ament_cmake_auto
Finished <<< ament_cmake_auto [0.22s]
Finished <<< uncrustify_vendor [0.38s]
Starting >>> ament_uncrustify
Finished <<< ament_uncrustify [0.32s]
Starting >>> ament_cmake_uncrustify
Finished <<< ament_cmake_uncrustify [0.25s]
Starting >>> ament_lint_common
Finished <<< ament_lint_common [0.26s]
Starting >>> ament_cmake_ros
Starting >>> ament_index_cpp
Finished <<< ament_cmake_ros [0.26s]
Finished <<< ament_index_cpp [2.21s]

Summary: 62 packages finished [8.45s]
#All required rosdeps installed successfully
Cloning into 'geometry2'...
HEAD is now at 65c620c3 0.25.22
=== ./control_msgs (git) ===
Cloning into '.'...
HEAD is now at 8289d61 1.3.14
HEAD is now at ae673e8 1.4.1
HEAD is now at a8b535a6 0.12.15
HEAD is now at 3c8a92b 0.14.2
HEAD is now at 083afd68 1.10.9006
HEAD is now at ec8f8b4 2.0.2
HEAD is now at 60572fa 0.10.0
HEAD is now at ed4fd51 Bump version
HEAD is now at 83f129a Fixed removal of z_impl_clock_gettime in zephyr 3.5.99 (#378)
HEAD is now at cb03ad3 Bump actions/stale from 10 to 11 (#323)
HEAD is now at 0843449 4.9.2
HEAD is now at f8deb56 0.9.3
HEAD is now at 239f695 1.2.2
HEAD is now at cbaee7c 5.3.13
HEAD is now at 82776fc 1.2.3
HEAD is now at 5bab8cf 2.3.2
HEAD is now at ddb3f31 2.4.7
HEAD is now at 0131b55 6.1.3
HEAD is now at edc2988 Test failing deserialization of invalid sequence length (backport #261) (#264)
HEAD is now at 5621b26 3.1.9
HEAD is now at ab84977 0.8.1
HEAD is now at 8266f1c 1.2.1
HEAD is now at a0c8f5e 0.9.1
HEAD is now at 27767ce 2.2.1
HEAD is now at 100bf26 Update maintainers (#16) (#17)
HEAD is now at 4827e1b Update maintainers (backport #65) (#68)
HEAD is now at 3cb6485 exclude rcl_validate_enclave_name and rcl_get_security_options_from_e… (backport #24) (#26)
HEAD is now at 10eadcc Fix REP url locations (#436) (#439)
HEAD is now at a758230 Update CI (backport #43) (#47)
HEAD is now at d8b8fba deallocate rmw_init_options.enclave in rmw implementaion. (#319) (#321)
HEAD is now at 520d924 Update fork checker for Humble
HEAD is now at 68b9629 standardize install location (#78) (#81)
HEAD is now at 548634d 4.1.1
Locked 33 micro-ROS source repositories; 1 deferred repository/repositories remain mandatory after generation
Crosscompiled environment: cleaning path
Building firmware for generate_lib platform generic
Using provided meta: /project/build/microros/micro_ros_stm32cubemx_utils/microros_static_library_ide/library_generation/colcon.meta
Starting >>> rcutils
Starting >>> rosidl_cli
Starting >>> rosidl_typesupport_interface
Starting >>> microcdr
Starting >>> test_interface_files
Starting >>> rmw_implementation_cmake
Starting >>> tracetools
Starting >>> tracetools_trace
Starting >>> tracetools_read
Starting >>> libyaml_vendor
Finished <<< test_interface_files [0.36s]
Finished <<< rosidl_typesupport_interface [0.37s]
Finished <<< rmw_implementation_cmake [0.37s]
Finished <<< rosidl_cli [0.58s]
Starting >>> rosidl_adapter
Finished <<< tracetools_read [0.57s]
Finished <<< tracetools_trace [0.58s]
Starting >>> tracetools_launch
Starting >>> ros2trace
Finished <<< tracetools [0.81s]
Finished <<< microcdr [0.92s]
Starting >>> microxrcedds_client
--- stderr: rcutils
In file included from /uros_ws/firmware/mcu_ws/uros/rcutils/src/error_handling.c:35:
/uros_ws/firmware/mcu_ws/uros/rcutils/src/./error_handling_helpers.h: In function '__rcutils_convert_uint64_t_into_c_str':
/uros_ws/firmware/mcu_ws/uros/rcutils/src/./error_handling_helpers.h:109:48: warning: unused parameter 'number' [-Wunused-parameter]
  109 | __rcutils_convert_uint64_t_into_c_str(uint64_t number, char * buffer, size_t buffer_size)
      |                                       ~~~~~~~~~^~~~~~
/uros_ws/firmware/mcu_ws/uros/rcutils/src/./error_handling_helpers.h:109:63: warning: unused parameter 'buffer' [-Wunused-parameter]
  109 | __rcutils_convert_uint64_t_into_c_str(uint64_t number, char * buffer, size_t buffer_size)
      |                                                        ~~~~~~~^~~~~~
/uros_ws/firmware/mcu_ws/uros/rcutils/src/./error_handling_helpers.h:109:78: warning: unused parameter 'buffer_size' [-Wunused-parameter]
  109 | __rcutils_convert_uint64_t_into_c_str(uint64_t number, char * buffer, size_t buffer_size)
      |                                                                       ~~~~~~~^~~~~~~~~~~
/uros_ws/firmware/mcu_ws/uros/rcutils/src/./error_handling_helpers.h: In function '__rcutils_format_error_string':
/uros_ws/firmware/mcu_ws/uros/rcutils/src/./error_handling_helpers.h:142:28: warning: unused parameter 'error_string' [-Wunused-parameter]
  142 |   rcutils_error_string_t * error_string,
      |   ~~~~~~~~~~~~~~~~~~~~~~~~~^~~~~~~~~~~~
/uros_ws/firmware/mcu_ws/uros/rcutils/src/./error_handling_helpers.h:143:33: warning: unused parameter 'error_state' [-Wunused-parameter]
  143 |   const rcutils_error_state_t * error_state)
      |   ~~~~~~~~~~~~~~~~~~~~~~~~~~~~~~^~~~~~~~~~~
/uros_ws/firmware/mcu_ws/uros/rcutils/src/error_handling.c: In function 'rcutils_get_error_string':
/uros_ws/firmware/mcu_ws/uros/rcutils/src/error_handling.c:240:38: warning: initializer-string for array of 'char' is too long
  240 |     return (rcutils_error_string_t) {"error not set"};  // NOLINT(readability/braces)
      |                                      ^~~~~~~~~~~~~~~
/uros_ws/firmware/mcu_ws/uros/rcutils/src/error_handling.c:240:38: note: (near initialization for '(anonymous).str')
/uros_ws/firmware/mcu_ws/uros/rcutils/src/./error_handling_helpers.h: At top level:
/uros_ws/firmware/mcu_ws/uros/rcutils/src/./error_handling_helpers.h:109:1: warning: '__rcutils_convert_uint64_t_into_c_str' defined but not used [-Wunused-function]
  109 | __rcutils_convert_uint64_t_into_c_str(uint64_t number, char * buffer, size_t buffer_size)
      | ^~~~~~~~~~~~~~~~~~~~~~~~~~~~~~~~~~~~~
/uros_ws/firmware/mcu_ws/uros/rcutils/src/./error_handling_helpers.h:91:1: warning: '__rcutils_reverse_str' defined but not used [-Wunused-function]
   91 | __rcutils_reverse_str(char * string_in, size_t string_len)
      | ^~~~~~~~~~~~~~~~~~~~~
/uros_ws/firmware/mcu_ws/uros/rcutils/src/logging.c: In function 'rcutils_get_env_var_zero_or_one':
/uros_ws/firmware/mcu_ws/uros/rcutils/src/logging.c:130:35: warning: unused parameter 'zero_semantic' [-Wunused-parameter]
  130 |   const char * name, const char * zero_semantic,
      |                      ~~~~~~~~~~~~~^~~~~~~~~~~~~
/uros_ws/firmware/mcu_ws/uros/rcutils/src/logging.c:131:16: warning: unused parameter 'one_semantic' [-Wunused-parameter]
  131 |   const char * one_semantic)
      |   ~~~~~~~~~~~~~^~~~~~~~~~~~
/uros_ws/firmware/mcu_ws/uros/rcutils/src/atomic_64bits.c:53:10: warning: conflicting types for built-in function '__atomic_load_8'; expected 'long long unsigned int(const volatile void *, int)' [-Wbuiltin-declaration-mismatch]
   53 | uint64_t __atomic_load_8(uint64_t *mem, int model) {
      |          ^~~~~~~~~~~~~~~
/uros_ws/firmware/mcu_ws/uros/rcutils/src/atomic_64bits.c:62:6: warning: conflicting types for built-in function '__atomic_store_8'; expected 'void(volatile void *, long long unsigned int,  int)' [-Wbuiltin-declaration-mismatch]
   62 | void __atomic_store_8(uint64_t *mem, uint64_t val, int model) {
      |      ^~~~~~~~~~~~~~~~
/uros_ws/firmware/mcu_ws/uros/rcutils/src/atomic_64bits.c:70:10: warning: conflicting types for built-in function '__atomic_exchange_8'; expected 'long long unsigned int(volatile void *, long long unsigned int,  int)' [-Wbuiltin-declaration-mismatch]
   70 | uint64_t __atomic_exchange_8(uint64_t *mem, uint64_t val, int model) {
      |          ^~~~~~~~~~~~~~~~~~~
/uros_ws/firmware/mcu_ws/uros/rcutils/src/atomic_64bits.c:80:10: warning: conflicting types for built-in function '__atomic_fetch_add_8'; expected 'long long unsigned int(volatile void *, long long unsigned int,  int)' [-Wbuiltin-declaration-mismatch]
   80 | uint64_t __atomic_fetch_add_8(uint64_t *mem, uint64_t val, int model) {
      |          ^~~~~~~~~~~~~~~~~~~~
/uros_ws/firmware/mcu_ws/uros/rcutils/src/time_unix.c:54:4: warning: #warning before C2X is a GCC extension
   54 | #  warning no monotonic clock function available
      |    ^~~~~~~
/uros_ws/firmware/mcu_ws/uros/rcutils/src/time_unix.c:54:4: warning: #warning no monotonic clock function available [-Wcpp]
/uros_ws/firmware/mcu_ws/uros/rcutils/src/time_unix.c: In function 'rcutils_system_time_now':
/uros_ws/firmware/mcu_ws/uros/rcutils/src/time_unix.c:76:3: warning: implicit declaration of function 'clock_gettime' [-Wimplicit-function-declaration]
   76 |   clock_gettime(CLOCK_REALTIME, &timespec_now);
      |   ^~~~~~~~~~~~~
---
Finished <<< rcutils [1.01s]
Starting >>> rosidl_runtime_c
Starting >>> rcl_logging_interface
Finished <<< rosidl_adapter [0.48s]
Starting >>> rosidl_parser
Finished <<< tracetools_launch [0.49s]
Starting >>> tracetools_test
Finished <<< ros2trace [0.50s]
Finished <<< tracetools_test [0.37s]
Finished <<< rosidl_parser [0.49s]
Starting >>> rosidl_cmake
Finished <<< rosidl_runtime_c [0.62s]
Starting >>> rmw
Finished <<< rcl_logging_interface [0.65s]
Starting >>> rcl_logging_noop
Finished <<< microxrcedds_client [0.82s]
--- stderr: microxrcedds_client
/uros_ws/firmware/mcu_ws/eProsima/Micro-XRCE-DDS-Client/src/c/util/time.c: In function 'uxr_nanos':
/uros_ws/firmware/mcu_ws/eProsima/Micro-XRCE-DDS-Client/src/c/util/time.c:71:5: warning: implicit declaration of function 'clock_gettime' [-Wimplicit-function-declaration]
   71 |     clock_gettime(CLOCK_REALTIME, &ts);
      |     ^~~~~~~~~~~~~
---
Finished <<< rosidl_cmake [0.49s]
Starting >>> rosidl_typesupport_introspection_c
Starting >>> rosidl_generator_c
Starting >>> rosidl_generator_dds_idl
Finished <<< rcl_logging_noop [0.58s]
--- stderr: rmw
In file included from /uros_ws/firmware/mcu_ws/ros2/rmw/rmw/src/validate_node_name.c:17:
/uros_ws/firmware/mcu_ws/ros2/rmw/rmw/src/validate_node_name.c: In function 'rmw_validate_node_name_with_size':
/uros_ws/firmware/mcu_ws/ros2/rmw/rmw/src/validate_node_name.c:72:24: warning: array subscript has type 'char' [-Wchar-subscripts]
   72 |   if (isdigit(node_name[0]) != 0) {
      |               ~~~~~~~~~^~~
In file included from /uros_ws/firmware/mcu_ws/ros2/rmw/rmw/src/validate_full_topic_name.c:17:
/uros_ws/firmware/mcu_ws/ros2/rmw/rmw/src/validate_full_topic_name.c: In function 'rmw_validate_full_topic_name_with_size':
/uros_ws/firmware/mcu_ws/ros2/rmw/rmw/src/validate_full_topic_name.c:106:29: warning: array subscript has type 'char' [-Wchar-subscripts]
  106 |       if (isdigit(topic_name[i + 1]) != 0) {
      |                   ~~~~~~~~~~^~~~~~~
---
Finished <<< rmw [0.66s]
Starting >>> rosidl_typesupport_microxrcedds_c
Finished <<< rosidl_generator_dds_idl [0.48s]
Finished <<< rosidl_generator_c [0.63s]
Finished <<< rosidl_typesupport_introspection_c [0.65s]
Starting >>> micro_ros_utilities
Starting >>> rosidl_typesupport_introspection_tests
Finished <<< rosidl_typesupport_microxrcedds_c [0.64s]
Starting >>> rosidl_typesupport_c
--- stderr: libyaml_vendor
Cloning into 'libyaml-0.2.5'...
HEAD is now at 2c891fc Changes for v0.2.5 release
CMake Warning (dev) at CMakeLists.txt:56 (add_library):
  ADD_LIBRARY called with SHARED option but the target platform does not
  support dynamic linking.  Building a STATIC library instead.  This may lead
  to problems.
This warning is for project developers.  Use -Wno-dev to suppress it.

/uros_ws/firmware/mcu_ws/build/libyaml_vendor/libyaml-0.2.5-prefix/src/libyaml-0.2.5/src/api.c: In function 'yaml_strdup':
/uros_ws/firmware/mcu_ws/build/libyaml_vendor/libyaml-0.2.5-prefix/src/libyaml-0.2.5/src/api.c:66:27: warning: implicit declaration of function 'strdup'; did you mean 'strcmp'? [-Wimplicit-function-declaration]
   66 |     return (yaml_char_t *)strdup((char *)str);
      |                           ^~~~~~
      |                           strcmp
---
Finished <<< libyaml_vendor [3.07s]
Finished <<< rosidl_typesupport_introspection_tests [0.57s]
Finished <<< micro_ros_utilities [0.90s]
--- stderr: micro_ros_utilities
/uros_ws/firmware/mcu_ws/uros/micro_ros_utilities/src/type_utilities.c: In function 'print_type_info':
/uros_ws/firmware/mcu_ws/uros/micro_ros_utilities/src/type_utilities.c:96:61: warning: format '%u' expects argument of type 'unsigned int', but argument 7 has type 'uint32_t' {aka 'long unsigned int'} [-Wformat=]
   96 |       buffer, sizeof(buffer), "%sIntrospection for %s/%s - %u members, %zu B\n",
      |                                                            ~^
      |                                                             |
      |                                                             unsigned int
      |                                                            %lu
......
  100 |       members->member_count_,
      |       ~~~~~~~~~~~~~~~~~~~~~~                                 
      |              |
      |              uint32_t {aka long unsigned int}
---
Finished <<< rosidl_typesupport_c [0.81s]
Starting >>> rosidl_default_generators
Starting >>> rosidl_default_runtime
Finished <<< rosidl_default_runtime [0.29s]
Finished <<< rosidl_default_generators [0.31s]
Starting >>> builtin_interfaces
Starting >>> unique_identifier_msgs
Starting >>> micro_ros_msgs
Starting >>> lifecycle_msgs
Starting >>> std_srvs
Finished <<< unique_identifier_msgs [1.35s]
Finished <<< builtin_interfaces [1.44s]
Starting >>> std_msgs
Starting >>> action_msgs
Starting >>> rcl_interfaces
Starting >>> mentor_pi_interfaces
Starting >>> statistics_msgs
Finished <<< micro_ros_msgs [1.48s]
Starting >>> rmw_microxrcedds
Finished <<< std_srvs [1.54s]
Finished <<< rmw_microxrcedds [0.63s]
Starting >>> rmw_implementation
--- stderr: rmw_microxrcedds
In file included from /uros_ws/firmware/mcu_ws/uros/rmw_microxrcedds/rmw_microxrcedds_c/src/./rmw_microros_internal/utils.h:20,
                 from /uros_ws/firmware/mcu_ws/uros/rmw_microxrcedds/rmw_microxrcedds_c/src/rmw_guard_condition.c:18:
/uros_ws/firmware/mcu_ws/uros/rmw_microxrcedds/rmw_microxrcedds_c/src/./rmw_microros_internal/types.h:280:27: warning: ISO C forbids zero-size array 'custom_clients' [-Wpedantic]
  280 | extern rmw_uxrce_client_t custom_clients[RMW_UXRCE_MAX_CLIENTS];
      |                           ^~~~~~~~~~~~~~
In file included from /uros_ws/firmware/mcu_ws/uros/rmw_microxrcedds/rmw_microxrcedds_c/src/./rmw_microros_internal/callbacks.h:20,
                 from /uros_ws/firmware/mcu_ws/uros/rmw_microxrcedds/rmw_microxrcedds_c/src/rmw_init.c:26:
/uros_ws/firmware/mcu_ws/uros/rmw_microxrcedds/rmw_microxrcedds_c/src/./rmw_microros_internal/types.h:280:27: warning: ISO C forbids zero-size array 'custom_clients' [-Wpedantic]
  280 | extern rmw_uxrce_client_t custom_clients[RMW_UXRCE_MAX_CLIENTS];
      |                           ^~~~~~~~~~~~~~
In file included from /uros_ws/firmware/mcu_ws/uros/rmw_microxrcedds/rmw_microxrcedds_c/src/./rmw_microros_internal/utils.h:20,
                 from /uros_ws/firmware/mcu_ws/uros/rmw_microxrcedds/rmw_microxrcedds_c/src/rmw_get_serialization_format.c:16:
/uros_ws/firmware/mcu_ws/uros/rmw_microxrcedds/rmw_microxrcedds_c/src/./rmw_microros_internal/types.h:280:27: warning: ISO C forbids zero-size array 'custom_clients' [-Wpedantic]
  280 | extern rmw_uxrce_client_t custom_clients[RMW_UXRCE_MAX_CLIENTS];
      |                           ^~~~~~~~~~~~~~
In file included from /uros_ws/firmware/mcu_ws/uros/rmw_microxrcedds/rmw_microxrcedds_c/src/./rmw_microros_internal/utils.h:20,
                 from /uros_ws/firmware/mcu_ws/uros/rmw_microxrcedds/rmw_microxrcedds_c/src/rmw_client.c:26:
/uros_ws/firmware/mcu_ws/uros/rmw_microxrcedds/rmw_microxrcedds_c/src/./rmw_microros_internal/types.h:280:27: warning: ISO C forbids zero-size array 'custom_clients' [-Wpedantic]
  280 | extern rmw_uxrce_client_t custom_clients[RMW_UXRCE_MAX_CLIENTS];
      |                           ^~~~~~~~~~~~~~
In file included from /uros_ws/firmware/mcu_ws/uros/rmw_microxrcedds/rmw_microxrcedds_c/src/rmw_count.c:22:
/uros_ws/firmware/mcu_ws/uros/rmw_microxrcedds/rmw_microxrcedds_c/src/./rmw_microros_internal/types.h:280:27: warning: ISO C forbids zero-size array 'custom_clients' [-Wpedantic]
  280 | extern rmw_uxrce_client_t custom_clients[RMW_UXRCE_MAX_CLIENTS];
      |                           ^~~~~~~~~~~~~~
In file included from /uros_ws/firmware/mcu_ws/uros/rmw_microxrcedds/rmw_microxrcedds_c/src/./rmw_microros_internal/utils.h:20,
                 from /uros_ws/firmware/mcu_ws/uros/rmw_microxrcedds/rmw_microxrcedds_c/src/rmw_get_implementation_identifier.c:16:
/uros_ws/firmware/mcu_ws/uros/rmw_microxrcedds/rmw_microxrcedds_c/src/./rmw_microros_internal/types.h:280:27: warning: ISO C forbids zero-size array 'custom_clients' [-Wpedantic]
  280 | extern rmw_uxrce_client_t custom_clients[RMW_UXRCE_MAX_CLIENTS];
      |                           ^~~~~~~~~~~~~~
In file included from /uros_ws/firmware/mcu_ws/uros/rmw_microxrcedds/rmw_microxrcedds_c/src/rmw_microros_internal/rmw_node.h:20,
                 from /uros_ws/firmware/mcu_ws/uros/rmw_microxrcedds/rmw_microxrcedds_c/src/rmw_node.c:15:
/uros_ws/firmware/mcu_ws/uros/rmw_microxrcedds/rmw_microxrcedds_c/src/./rmw_microros_internal/types.h:280:27: warning: ISO C forbids zero-size array 'custom_clients' [-Wpedantic]
  280 | extern rmw_uxrce_client_t custom_clients[RMW_UXRCE_MAX_CLIENTS];
      |                           ^~~~~~~~~~~~~~
In file included from /uros_ws/firmware/mcu_ws/uros/rmw_microxrcedds/rmw_microxrcedds_c/src/rmw_get_gid_for_publisher.c:18:
/uros_ws/firmware/mcu_ws/uros/rmw_microxrcedds/rmw_microxrcedds_c/src/./rmw_microros_internal/types.h:280:27: warning: ISO C forbids zero-size array 'custom_clients' [-Wpedantic]
  280 | extern rmw_uxrce_client_t custom_clients[RMW_UXRCE_MAX_CLIENTS];
      |                           ^~~~~~~~~~~~~~
In file included from /uros_ws/firmware/mcu_ws/uros/rmw_microxrcedds/rmw_microxrcedds_c/src/rmw_node_info_and_types.c:21:
/uros_ws/firmware/mcu_ws/uros/rmw_microxrcedds/rmw_microxrcedds_c/src/./rmw_microros_internal/types.h:280:27: warning: ISO C forbids zero-size array 'custom_clients' [-Wpedantic]
  280 | extern rmw_uxrce_client_t custom_clients[RMW_UXRCE_MAX_CLIENTS];
      |                           ^~~~~~~~~~~~~~
In file included from /uros_ws/firmware/mcu_ws/uros/rmw_microxrcedds/rmw_microxrcedds_c/src/rmw_node_names.c:23:
/uros_ws/firmware/mcu_ws/uros/rmw_microxrcedds/rmw_microxrcedds_c/src/./rmw_microros_internal/types.h:280:27: warning: ISO C forbids zero-size array 'custom_clients' [-Wpedantic]
  280 | extern rmw_uxrce_client_t custom_clients[RMW_UXRCE_MAX_CLIENTS];
      |                           ^~~~~~~~~~~~~~
In file included from /uros_ws/firmware/mcu_ws/uros/rmw_microxrcedds/rmw_microxrcedds_c/src/rmw_microros_internal/rmw_microxrcedds_topic.h:21,
                 from /uros_ws/firmware/mcu_ws/uros/rmw_microxrcedds/rmw_microxrcedds_c/src/rmw_microxrcedds_topic.c:15:
/uros_ws/firmware/mcu_ws/uros/rmw_microxrcedds/rmw_microxrcedds_c/src/./rmw_microros_internal/types.h:280:27: warning: ISO C forbids zero-size array 'custom_clients' [-Wpedantic]
  280 | extern rmw_uxrce_client_t custom_clients[RMW_UXRCE_MAX_CLIENTS];
      |                           ^~~~~~~~~~~~~~
In file included from /uros_ws/firmware/mcu_ws/uros/rmw_microxrcedds/rmw_microxrcedds_c/src/rmw_get_topic_endpoint_info.c:25:
/uros_ws/firmware/mcu_ws/uros/rmw_microxrcedds/rmw_microxrcedds_c/src/./rmw_microros_internal/types.h:280:27: warning: ISO C forbids zero-size array 'custom_clients' [-Wpedantic]
  280 | extern rmw_uxrce_client_t custom_clients[RMW_UXRCE_MAX_CLIENTS];
      |                           ^~~~~~~~~~~~~~
In file included from /uros_ws/firmware/mcu_ws/uros/rmw_microxrcedds/rmw_microxrcedds_c/src/./rmw_microros_internal/utils.h:20,
                 from /uros_ws/firmware/mcu_ws/uros/rmw_microxrcedds/rmw_microxrcedds_c/src/rmw_service.c:15:
/uros_ws/firmware/mcu_ws/uros/rmw_microxrcedds/rmw_microxrcedds_c/src/./rmw_microros_internal/types.h:280:27: warning: ISO C forbids zero-size array 'custom_clients' [-Wpedantic]
  280 | extern rmw_uxrce_client_t custom_clients[RMW_UXRCE_MAX_CLIENTS];
      |                           ^~~~~~~~~~~~~~
In file included from /uros_ws/firmware/mcu_ws/uros/rmw_microxrcedds/rmw_microxrcedds_c/src/./rmw_microros_internal/utils.h:20,
                 from /uros_ws/firmware/mcu_ws/uros/rmw_microxrcedds/rmw_microxrcedds_c/src/rmw_publisher.c:34:
/uros_ws/firmware/mcu_ws/uros/rmw_microxrcedds/rmw_microxrcedds_c/src/./rmw_microros_internal/types.h:280:27: warning: ISO C forbids zero-size array 'custom_clients' [-Wpedantic]
  280 | extern rmw_uxrce_client_t custom_clients[RMW_UXRCE_MAX_CLIENTS];
      |                           ^~~~~~~~~~~~~~
In file included from /uros_ws/firmware/mcu_ws/uros/rmw_microxrcedds/rmw_microxrcedds_c/src/./rmw_microros_internal/utils.h:20,
                 from /uros_ws/firmware/mcu_ws/uros/rmw_microxrcedds/rmw_microxrcedds_c/src/rmw_request.c:19:
/uros_ws/firmware/mcu_ws/uros/rmw_microxrcedds/rmw_microxrcedds_c/src/./rmw_microros_internal/types.h:280:27: warning: ISO C forbids zero-size array 'custom_clients' [-Wpedantic]
  280 | extern rmw_uxrce_client_t custom_clients[RMW_UXRCE_MAX_CLIENTS];
      |                           ^~~~~~~~~~~~~~
In file included from /uros_ws/firmware/mcu_ws/uros/rmw_microxrcedds/rmw_microxrcedds_c/src/./rmw_microros_internal/utils.h:20,
                 from /uros_ws/firmware/mcu_ws/uros/rmw_microxrcedds/rmw_microxrcedds_c/src/rmw_response.c:19:
/uros_ws/firmware/mcu_ws/uros/rmw_microxrcedds/rmw_microxrcedds_c/src/./rmw_microros_internal/types.h:280:27: warning: ISO C forbids zero-size array 'custom_clients' [-Wpedantic]
  280 | extern rmw_uxrce_client_t custom_clients[RMW_UXRCE_MAX_CLIENTS];
      |                           ^~~~~~~~~~~~~~
In file included from /uros_ws/firmware/mcu_ws/uros/rmw_microxrcedds/rmw_microxrcedds_c/src/rmw_service_names_and_types.c:21:
/uros_ws/firmware/mcu_ws/uros/rmw_microxrcedds/rmw_microxrcedds_c/src/./rmw_microros_internal/types.h:280:27: warning: ISO C forbids zero-size array 'custom_clients' [-Wpedantic]
  280 | extern rmw_uxrce_client_t custom_clients[RMW_UXRCE_MAX_CLIENTS];
      |                           ^~~~~~~~~~~~~~
In file included from /uros_ws/firmware/mcu_ws/uros/rmw_microxrcedds/rmw_microxrcedds_c/src/rmw_publish.c:19:
/uros_ws/firmware/mcu_ws/uros/rmw_microxrcedds/rmw_microxrcedds_c/src/./rmw_microros_internal/types.h:280:27: warning: ISO C forbids zero-size array 'custom_clients' [-Wpedantic]
  280 | extern rmw_uxrce_client_t custom_clients[RMW_UXRCE_MAX_CLIENTS];
      |                           ^~~~~~~~~~~~~~
In file included from /uros_ws/firmware/mcu_ws/uros/rmw_microxrcedds/rmw_microxrcedds_c/src/./rmw_microros_internal/utils.h:20,
                 from /uros_ws/firmware/mcu_ws/uros/rmw_microxrcedds/rmw_microxrcedds_c/src/rmw_subscription.c:32:
/uros_ws/firmware/mcu_ws/uros/rmw_microxrcedds/rmw_microxrcedds_c/src/./rmw_microros_internal/types.h:280:27: warning: ISO C forbids zero-size array 'custom_clients' [-Wpedantic]
  280 | extern rmw_uxrce_client_t custom_clients[RMW_UXRCE_MAX_CLIENTS];
      |                           ^~~~~~~~~~~~~~
In file included from /uros_ws/firmware/mcu_ws/uros/rmw_microxrcedds/rmw_microxrcedds_c/src/./rmw_microros_internal/utils.h:20,
                 from /uros_ws/firmware/mcu_ws/uros/rmw_microxrcedds/rmw_microxrcedds_c/src/rmw_take.c:19:
/uros_ws/firmware/mcu_ws/uros/rmw_microxrcedds/rmw_microxrcedds_c/src/./rmw_microros_internal/types.h:280:27: warning: ISO C forbids zero-size array 'custom_clients' [-Wpedantic]
  280 | extern rmw_uxrce_client_t custom_clients[RMW_UXRCE_MAX_CLIENTS];
      |                           ^~~~~~~~~~~~~~
In file included from /uros_ws/firmware/mcu_ws/uros/rmw_microxrcedds/rmw_microxrcedds_c/src/./rmw_microros_internal/utils.h:20,
                 from /uros_ws/firmware/mcu_ws/uros/rmw_microxrcedds/rmw_microxrcedds_c/src/rmw_trigger_guard_condition.c:18:
/uros_ws/firmware/mcu_ws/uros/rmw_microxrcedds/rmw_microxrcedds_c/src/./rmw_microros_internal/types.h:280:27: warning: ISO C forbids zero-size array 'custom_clients' [-Wpedantic]
  280 | extern rmw_uxrce_client_t custom_clients[RMW_UXRCE_MAX_CLIENTS];
      |                           ^~~~~~~~~~~~~~
In file included from /uros_ws/firmware/mcu_ws/uros/rmw_microxrcedds/rmw_microxrcedds_c/src/rmw_topic_names_and_types.c:21:
/uros_ws/firmware/mcu_ws/uros/rmw_microxrcedds/rmw_microxrcedds_c/src/./rmw_microros_internal/types.h:280:27: warning: ISO C forbids zero-size array 'custom_clients' [-Wpedantic]
  280 | extern rmw_uxrce_client_t custom_clients[RMW_UXRCE_MAX_CLIENTS];
      |                           ^~~~~~~~~~~~~~
In file included from /uros_ws/firmware/mcu_ws/uros/rmw_microxrcedds/rmw_microxrcedds_c/src/rmw_microros_internal/utils.h:20,
                 from /uros_ws/firmware/mcu_ws/uros/rmw_microxrcedds/rmw_microxrcedds_c/src/utils.c:15:
/uros_ws/firmware/mcu_ws/uros/rmw_microxrcedds/rmw_microxrcedds_c/src/./rmw_microros_internal/types.h:280:27: warning: ISO C forbids zero-size array 'custom_clients' [-Wpedantic]
  280 | extern rmw_uxrce_client_t custom_clients[RMW_UXRCE_MAX_CLIENTS];
      |                           ^~~~~~~~~~~~~~
In file included from /uros_ws/firmware/mcu_ws/uros/rmw_microxrcedds/rmw_microxrcedds_c/src/types.c:15:
/uros_ws/firmware/mcu_ws/uros/rmw_microxrcedds/rmw_microxrcedds_c/src/rmw_microros_internal/types.h:280:27: warning: ISO C forbids zero-size array 'custom_clients' [-Wpedantic]
  280 | extern rmw_uxrce_client_t custom_clients[RMW_UXRCE_MAX_CLIENTS];
      |                           ^~~~~~~~~~~~~~
In file included from /uros_ws/firmware/mcu_ws/uros/rmw_microxrcedds/rmw_microxrcedds_c/src/./rmw_microros_internal/utils.h:20,
                 from /uros_ws/firmware/mcu_ws/uros/rmw_microxrcedds/rmw_microxrcedds_c/src/rmw_wait_set.c:18:
/uros_ws/firmware/mcu_ws/uros/rmw_microxrcedds/rmw_microxrcedds_c/src/./rmw_microros_internal/types.h:280:27: warning: ISO C forbids zero-size array 'custom_clients' [-Wpedantic]
  280 | extern rmw_uxrce_client_t custom_clients[RMW_UXRCE_MAX_CLIENTS];
      |                           ^~~~~~~~~~~~~~
/uros_ws/firmware/mcu_ws/uros/rmw_microxrcedds/rmw_microxrcedds_c/src/types.c:52:20: warning: ISO C forbids zero-size array 'custom_clients' [-Wpedantic]
   52 | rmw_uxrce_client_t custom_clients[RMW_UXRCE_MAX_CLIENTS];
      |                    ^~~~~~~~~~~~~~
In file included from /uros_ws/firmware/mcu_ws/uros/rmw_microxrcedds/rmw_microxrcedds_c/src/./rmw_microros_internal/utils.h:20,
                 from /uros_ws/firmware/mcu_ws/uros/rmw_microxrcedds/rmw_microxrcedds_c/src/rmw_wait.c:22:
/uros_ws/firmware/mcu_ws/uros/rmw_microxrcedds/rmw_microxrcedds_c/src/./rmw_microros_internal/types.h:280:27: warning: ISO C forbids zero-size array 'custom_clients' [-Wpedantic]
  280 | extern rmw_uxrce_client_t custom_clients[RMW_UXRCE_MAX_CLIENTS];
      |                           ^~~~~~~~~~~~~~
In file included from /uros_ws/firmware/mcu_ws/uros/rmw_microxrcedds/rmw_microxrcedds_c/src/rmw_microros_internal/rmw_uxrce_transports.h:30,
                 from /uros_ws/firmware/mcu_ws/uros/rmw_microxrcedds/rmw_microxrcedds_c/src/rmw_uxrce_transports.c:15:
/uros_ws/firmware/mcu_ws/uros/rmw_microxrcedds/rmw_microxrcedds_c/src/./rmw_microros_internal/types.h:280:27: warning: ISO C forbids zero-size array 'custom_clients' [-Wpedantic]
  280 | extern rmw_uxrce_client_t custom_clients[RMW_UXRCE_MAX_CLIENTS];
      |                           ^~~~~~~~~~~~~~
In file included from /uros_ws/firmware/mcu_ws/uros/rmw_microxrcedds/rmw_microxrcedds_c/src/rmw_microros/custom_transport.c:20:
/uros_ws/firmware/mcu_ws/uros/rmw_microxrcedds/rmw_microxrcedds_c/src/rmw_microros/../rmw_microros_internal/types.h:280:27: warning: ISO C forbids zero-size array 'custom_clients' [-Wpedantic]
  280 | extern rmw_uxrce_client_t custom_clients[RMW_UXRCE_MAX_CLIENTS];
      |                           ^~~~~~~~~~~~~~
In file included from /uros_ws/firmware/mcu_ws/uros/rmw_microxrcedds/rmw_microxrcedds_c/src/rmw_microros/init_options.c:20:
/uros_ws/firmware/mcu_ws/uros/rmw_microxrcedds/rmw_microxrcedds_c/src/rmw_microros/../rmw_microros_internal/types.h:280:27: warning: ISO C forbids zero-size array 'custom_clients' [-Wpedantic]
  280 | extern rmw_uxrce_client_t custom_clients[RMW_UXRCE_MAX_CLIENTS];
      |                           ^~~~~~~~~~~~~~
In file included from /uros_ws/firmware/mcu_ws/uros/rmw_microxrcedds/rmw_microxrcedds_c/src/rmw_microros/continous_serialization.c:20:
/uros_ws/firmware/mcu_ws/uros/rmw_microxrcedds/rmw_microxrcedds_c/src/rmw_microros/../rmw_microros_internal/types.h:280:27: warning: ISO C forbids zero-size array 'custom_clients' [-Wpedantic]
  280 | extern rmw_uxrce_client_t custom_clients[RMW_UXRCE_MAX_CLIENTS];
      |                           ^~~~~~~~~~~~~~
In file included from /uros_ws/firmware/mcu_ws/uros/rmw_microxrcedds/rmw_microxrcedds_c/src/rmw_microros/../rmw_microros_internal/rmw_uxrce_transports.h:30,
                 from /uros_ws/firmware/mcu_ws/uros/rmw_microxrcedds/rmw_microxrcedds_c/src/rmw_microros/ping.c:24:
/uros_ws/firmware/mcu_ws/uros/rmw_microxrcedds/rmw_microxrcedds_c/src/./rmw_microros_internal/types.h:280:27: warning: ISO C forbids zero-size array 'custom_clients' [-Wpedantic]
  280 | extern rmw_uxrce_client_t custom_clients[RMW_UXRCE_MAX_CLIENTS];
      |                           ^~~~~~~~~~~~~~
In file included from /uros_ws/firmware/mcu_ws/uros/rmw_microxrcedds/rmw_microxrcedds_c/src/rmw_microros/time_sync.c:20:
/uros_ws/firmware/mcu_ws/uros/rmw_microxrcedds/rmw_microxrcedds_c/src/rmw_microros/../rmw_microros_internal/types.h:280:27: warning: ISO C forbids zero-size array 'custom_clients' [-Wpedantic]
  280 | extern rmw_uxrce_client_t custom_clients[RMW_UXRCE_MAX_CLIENTS];
      |                           ^~~~~~~~~~~~~~
In file included from /uros_ws/firmware/mcu_ws/uros/rmw_microxrcedds/rmw_microxrcedds_c/src/rmw_microros/timing.c:21:
/uros_ws/firmware/mcu_ws/uros/rmw_microxrcedds/rmw_microxrcedds_c/src/rmw_microros/../rmw_microros_internal/types.h:280:27: warning: ISO C forbids zero-size array 'custom_clients' [-Wpedantic]
  280 | extern rmw_uxrce_client_t custom_clients[RMW_UXRCE_MAX_CLIENTS];
      |                           ^~~~~~~~~~~~~~
In file included from /uros_ws/firmware/mcu_ws/uros/rmw_microxrcedds/rmw_microxrcedds_c/src/rmw_microros_internal/callbacks.h:20,
                 from /uros_ws/firmware/mcu_ws/uros/rmw_microxrcedds/rmw_microxrcedds_c/src/callbacks.c:15:
/uros_ws/firmware/mcu_ws/uros/rmw_microxrcedds/rmw_microxrcedds_c/src/./rmw_microros_internal/types.h:280:27: warning: ISO C forbids zero-size array 'custom_clients' [-Wpedantic]
  280 | extern rmw_uxrce_client_t custom_clients[RMW_UXRCE_MAX_CLIENTS];
      |                           ^~~~~~~~~~~~~~
---
Starting >>> rosidl_typesupport_microxrcedds_test_msg
Finished <<< lifecycle_msgs [2.36s]
Finished <<< rosidl_typesupport_microxrcedds_test_msg [0.66s]
Starting >>> rosidl_typesupport_microxrcedds_c_tests
Finished <<< rmw_implementation [0.68s]
Finished <<< statistics_msgs [1.70s]
Finished <<< rosidl_typesupport_microxrcedds_c_tests [0.45s]
Finished <<< action_msgs [1.91s]
Starting >>> test_msgs
Starting >>> example_interfaces
Finished <<< rcl_interfaces [3.24s]
Starting >>> composition_interfaces
Starting >>> rosgraph_msgs
Finished <<< std_msgs [3.38s]
Starting >>> geometry_msgs
Starting >>> actionlib_msgs
Starting >>> test_tracetools
Finished <<< mentor_pi_interfaces [3.67s]
Finished <<< test_tracetools [0.61s]
Starting >>> test_tracetools_launch
Finished <<< test_tracetools_launch [0.46s]
Finished <<< actionlib_msgs [1.71s]
Finished <<< composition_interfaces [2.00s]
Finished <<< rosgraph_msgs [2.45s]
Finished <<< example_interfaces [4.03s]
Finished <<< test_msgs [4.86s]
Starting >>> rcl
Starting >>> test_rmw_implementation
Finished <<< geometry_msgs [3.43s]
Starting >>> sensor_msgs
Starting >>> diagnostic_msgs
Starting >>> trajectory_msgs
Starting >>> nav_msgs
Starting >>> shape_msgs
Starting >>> tf2_msgs
Finished <<< test_rmw_implementation [0.57s]
Finished <<< rcl [0.85s]
--- stderr: rcl
/uros_ws/firmware/mcu_ws/uros/rcl/rcl/src/rcl/network_flow_endpoints.c: In function '__validate_network_flow_endpoint_array':
/uros_ws/firmware/mcu_ws/uros/rcl/rcl/src/rcl/network_flow_endpoints.c:43:22: warning: variable 'error_string' set but not used [-Wunused-but-set-variable]
   43 |   rmw_error_string_t error_string;
      |                      ^~~~~~~~~~~~
/uros_ws/firmware/mcu_ws/uros/rcl/rcl/src/rcl/network_flow_endpoints.c: In function 'rcl_publisher_get_network_flow_endpoints':
/uros_ws/firmware/mcu_ws/uros/rcl/rcl/src/rcl/network_flow_endpoints.c:75:22: warning: variable 'error_string' set but not used [-Wunused-but-set-variable]
   75 |   rmw_error_string_t error_string;
      |                      ^~~~~~~~~~~~
/uros_ws/firmware/mcu_ws/uros/rcl/rcl/src/rcl/network_flow_endpoints.c: In function 'rcl_subscription_get_network_flow_endpoints':
/uros_ws/firmware/mcu_ws/uros/rcl/rcl/src/rcl/network_flow_endpoints.c:106:22: warning: variable 'error_string' set but not used [-Wunused-but-set-variable]
  106 |   rmw_error_string_t error_string;
      |                      ^~~~~~~~~~~~
/uros_ws/firmware/mcu_ws/uros/rcl/rcl/src/rcl/init_options.c: In function 'rcl_init_options_copy':
/uros_ws/firmware/mcu_ws/uros/rcl/rcl/src/rcl/init_options.c:108:24: warning: unused variable 'error_string' [-Wunused-variable]
  108 |     rmw_error_string_t error_string = rmw_get_error_string();
      |                        ^~~~~~~~~~~~
/uros_ws/firmware/mcu_ws/uros/rcl/rcl/src/rcl/graph.c: In function '__validate_node_name_and_namespace':
/uros_ws/firmware/mcu_ws/uros/rcl/rcl/src/rcl/graph.c:56:18: warning: unused variable 'msg' [-Wunused-variable]
   56 |     const char * msg = rmw_namespace_validation_result_string(validation_result);
      |                  ^~~
/uros_ws/firmware/mcu_ws/uros/rcl/rcl/src/rcl/graph.c:68:18: warning: unused variable 'msg' [-Wunused-variable]
   68 |     const char * msg = rmw_node_name_validation_result_string(validation_result);
      |                  ^~~
/uros_ws/firmware/mcu_ws/uros/rcl/rcl/src/rcl/graph.c: In function '_rcl_wait_for_entities':
/uros_ws/firmware/mcu_ws/uros/rcl/rcl/src/rcl/graph.c:524:28: warning: unused variable 'error' [-Wunused-variable]
  524 |     rcutils_error_string_t error = rcutils_get_error_string();
      |                            ^~~~~
/uros_ws/firmware/mcu_ws/uros/rcl/rcl/src/rcl/graph.c:558:32: warning: unused variable 'error' [-Wunused-variable]
  558 |         rcutils_error_string_t error = rcutils_get_error_string();
      |                                ^~~~~
/uros_ws/firmware/mcu_ws/uros/rcl/rcl/src/rcl/graph.c: In function '__rcl_get_info_by_topic':
/uros_ws/firmware/mcu_ws/uros/rcl/rcl/src/rcl/graph.c:657:22: warning: variable 'error_string' set but not used [-Wunused-but-set-variable]
  657 |   rmw_error_string_t error_string;
      |                      ^~~~~~~~~~~~
/uros_ws/firmware/mcu_ws/uros/rcl/rcl/src/rcl/node.c: In function 'rcl_node_init':
/uros_ws/firmware/mcu_ws/uros/rcl/rcl/src/rcl/node.c:166:18: warning: unused variable 'msg' [-Wunused-variable]
  166 |     const char * msg = rmw_node_name_validation_result_string(validation_result);
      |                  ^~~
/uros_ws/firmware/mcu_ws/uros/rcl/rcl/src/rcl/node.c:198:18: warning: unused variable 'msg' [-Wunused-variable]
  198 |     const char * msg = rmw_namespace_validation_result_string(validation_result);
      |                  ^~~
/uros_ws/firmware/mcu_ws/uros/rcl/rcl/src/rcl/node_resolve_name.c: In function 'rcl_resolve_name':
/uros_ws/firmware/mcu_ws/uros/rcl/rcl/src/rcl/node_resolve_name.c:49:28: warning: unused variable 'error' [-Wunused-variable]
   49 |     rcutils_error_string_t error = rcutils_get_error_string();
      |                            ^~~~~
/uros_ws/firmware/mcu_ws/uros/rcl/rcl/src/rcl/node_resolve_name.c:97:28: warning: unused variable 'error' [-Wunused-variable]
   97 |     rcutils_error_string_t error = rmw_get_error_string();
      |                            ^~~~~
/uros_ws/firmware/mcu_ws/uros/rcl/rcl/src/rcl/node_resolve_name.c:114:28: warning: unused variable 'error' [-Wunused-variable]
  114 |     rcutils_error_string_t error = rcutils_get_error_string();
      |                            ^~~~~
/uros_ws/firmware/mcu_ws/uros/rcl/rcl/src/rcl/node_resolve_name.c:33:27: warning: unused parameter 'local_args' [-Wunused-parameter]
   33 |   const rcl_arguments_t * local_args,
      |   ~~~~~~~~~~~~~~~~~~~~~~~~^~~~~~~~~~
/uros_ws/firmware/mcu_ws/uros/rcl/rcl/src/rcl/node_resolve_name.c:34:27: warning: unused parameter 'global_args' [-Wunused-parameter]
   34 |   const rcl_arguments_t * global_args,
      |   ~~~~~~~~~~~~~~~~~~~~~~~~^~~~~~~~~~~
/uros_ws/firmware/mcu_ws/uros/rcl/rcl/src/rcl/node_resolve_name.c:40:8: warning: unused parameter 'only_expand' [-Wunused-parameter]
   40 |   bool only_expand,
      |        ^
In file included from /uros_ws/firmware/mcu_ws/uros/rcl/rcl/src/rcl/validate_topic_name.c:22:
/uros_ws/firmware/mcu_ws/uros/rcl/rcl/src/rcl/validate_topic_name.c: In function 'rcl_validate_topic_name_with_size':
/uros_ws/firmware/mcu_ws/uros/rcl/rcl/src/rcl/validate_topic_name.c:58:25: warning: array subscript has type 'char' [-Wchar-subscripts]
   58 |   if (isdigit(topic_name[0]) != 0) {
      |               ~~~~~~~~~~^~~
/uros_ws/firmware/mcu_ws/uros/rcl/rcl/src/rcl/validate_topic_name.c:84:27: warning: array subscript has type 'char' [-Wchar-subscripts]
   84 |         isdigit(topic_name[i]) != 0 &&
      |                 ~~~~~~~~~~^~~
/uros_ws/firmware/mcu_ws/uros/rcl/rcl/src/rcl/validate_topic_name.c:179:29: warning: array subscript has type 'char' [-Wchar-subscripts]
  179 |       if (isdigit(topic_name[i + 1]) != 0) {
      |                   ~~~~~~~~~~^~~~~~~
/uros_ws/firmware/mcu_ws/uros/rcl/rcl/src/rcl/rmw_implementation_identifier_check.c: In function 'rcl_rmw_implementation_identifier_check':
/uros_ws/firmware/mcu_ws/uros/rcl/rcl/src/rcl/rmw_implementation_identifier_check.c:136:34: warning: unused variable 'rmw_error_msg' [-Wunused-variable]
  136 |     const rcutils_error_string_t rmw_error_msg = rcl_get_error_string();
      |                                  ^~~~~~~~~~~~~
/uros_ws/firmware/mcu_ws/uros/rcl/rcl/src/rcl/rmw_implementation_identifier_check.c: At top level:
/uros_ws/firmware/mcu_ws/uros/rcl/rcl/src/rcl/rmw_implementation_identifier_check.c:168:13: warning: 'initialize' defined but not used [-Wunused-function]
  168 | INITIALIZER(initialize) {
      |             ^~~~~~~~~~
/uros_ws/firmware/mcu_ws/uros/rcl/rcl/src/rcl/rmw_implementation_identifier_check.c:54:15: note: in definition of macro 'INITIALIZER'
   54 |   static void f(void)
      |               ^
---
Starting >>> rcl_action
Starting >>> rcl_lifecycle
Finished <<< rcl_lifecycle [0.81s]
--- stderr: rcl_lifecycle
/uros_ws/firmware/mcu_ws/uros/rcl/rcl_lifecycle/src/rcl_lifecycle.c: In function 'rcl_lifecycle_state_machine_fini':
/uros_ws/firmware/mcu_ws/uros/rcl/rcl_lifecycle/src/rcl_lifecycle.c:265:24: warning: unused variable 'error_string' [-Wunused-variable]
  265 |     rcl_error_string_t error_string = rcl_get_error_string();
      |                        ^~~~~~~~~~~~
/uros_ws/firmware/mcu_ws/uros/rcl/rcl_lifecycle/src/rcl_lifecycle.c:275:24: warning: unused variable 'error_string' [-Wunused-variable]
  275 |     rcl_error_string_t error_string = rcl_get_error_string();
      |                        ^~~~~~~~~~~~
/uros_ws/firmware/mcu_ws/uros/rcl/rcl_lifecycle/src/rcl_lifecycle.c: In function '_trigger_transition':
/uros_ws/firmware/mcu_ws/uros/rcl/rcl_lifecycle/src/rcl_lifecycle.c:366:26: warning: unused variable 'error_string' [-Wunused-variable]
  366 |       rcl_error_string_t error_string = rcl_get_error_string();
      |                          ^~~~~~~~~~~~
---
Finished <<< trajectory_msgs [1.74s]
Finished <<< rcl_action [0.94s]
Starting >>> rclc
Finished <<< shape_msgs [1.79s]
Finished <<< diagnostic_msgs [1.90s]
Finished <<< tf2_msgs [2.14s]
--- stderr: tf2_msgs
cc1: warning: command-line option '-Wnon-virtual-dtor' is valid for C++/ObjC++ but not for C
cc1: warning: command-line option '-Woverloaded-virtual=2' is valid for C++/ObjC++ but not for C
cc1: warning: command-line option '-Wnon-virtual-dtor' is valid for C++/ObjC++ but not for C
cc1: warning: command-line option '-Wnon-virtual-dtor' is valid for C++/ObjC++ but not for C
cc1: warning: command-line option '-Woverloaded-virtual=2' is valid for C++/ObjC++ but not for C
cc1: warning: command-line option '-Woverloaded-virtual=2' is valid for C++/ObjC++ but not for C
cc1: warning: command-line option '-Wnon-virtual-dtor' is valid for C++/ObjC++ but not for C
cc1: warning: command-line option '-Woverloaded-virtual=2' is valid for C++/ObjC++ but not for C
---
Finished <<< nav_msgs [2.40s]
--- stderr: rclc
/uros_ws/firmware/mcu_ws/uros/rclc/rclc/src/rclc/executor_handle.c: In function 'rclc_executor_handle_print':
/uros_ws/firmware/mcu_ws/uros/rclc/rclc/src/rclc/executor_handle.c:84:10: warning: variable 'typeName' set but not used [-Wunused-but-set-variable]
   84 |   char * typeName;
      |          ^~~~~~~~
---
Finished <<< rclc [0.94s]
Starting >>> rclc_lifecycle
Starting >>> rclc_parameter
Finished <<< rclc_lifecycle [0.84s]
Finished <<< rclc_parameter [0.92s]
Finished <<< sensor_msgs [5.12s]
Starting >>> stereo_msgs
Starting >>> visualization_msgs
Starting >>> control_msgs
Starting >>> sensor_msgs_py
Finished <<< sensor_msgs_py [0.43s]
Finished <<< stereo_msgs [1.62s]
Finished <<< visualization_msgs [3.27s]
Starting >>> common_interfaces
Finished <<< common_interfaces [0.33s]
Finished <<< control_msgs [7.96s]

Summary: 70 packages finished [25.5s]
  10 packages had stderr output: libyaml_vendor micro_ros_utilities microxrcedds_client rcl rcl_lifecycle rclc rcutils rmw rmw_microxrcedds tf2_msgs
Generated libmicroros.a hash differs from the reviewed artifact.
Expected: adf79c2079203740f74a87b9d5fb2fec99198c9c039897838e7aad474841f6be
Actual:   16bae17af653fbbf5eaf5de8fbe9a5677b404d07321408615bdef0665e5b83c4
make: *** [Makefile:122: firmware] Error 1
